// Jest Snapshot v1, https://goo.gl/fbAQLP

exports[`<App /> renders correctly 1`] = `
<View
  style={
    {
      "alignItems": "center",
      "backgroundColor": "#ff0000",
      "borderRadius": 16,
      "flexDirection": "row",
      "height": 28,
      "justifyContent": "center",
      "margin": 2,
      "width": 66,
    }
  }
>
  <Text
    style={
      {
        "color": "#fff",
        "fontSize": 12,
        "fontWeight": 700,
        "marginRight": 2,
      }
    }
  >
    10
    /
    03
  </Text>
</View>
`;
